Connected on 170 second
Connected on 128 second
Connected on 59 second
Connected on 185 second
Connected on 174 second
Connected on 37 second
Connected on 226 second
Signal lost
Connected on 141 second
Connected on 197 second
Connected on 23 second
Connected on 93 second
Signal lost
Connected on 172 second
Connected on 158 second
Signal lost
Connected on 72 second
Connected on 48 second
Connected on 163 second
Connected on 38 second
Connected on 184 second
Connected on 26 second
Signal lost
Connected on 203 second
Connected on 200 second
Signal lost
Connected on 126 second
Signal lost
Signal lost
Connected on 82 second
Connected on 168 second
Connected on 39 second
Connected on 186 second
Signal lost
Connected on 171 second
Signal lost
Connected on 148 second
Connected on 50 second
Signal lost
Connected on 72 second
Connected on 121 second
Connected on 113 second
Connected on 25 second
Signal lost
Connected on 42 second
Signal lost
Connected on 72 second
Connected on 4 second
Connected on 214 second
Connected on 68 second
Connected on 189 second
Connected on 155 second
Connected on 36 second
Connected on 14 second
Signal lost
Connected on 23 second
Connected on 164 second
