Connected on 1 second
Connected on 1 second
Connected on 1 second
Signal lost
Signal lost
Connected on 29 second
Signal lost
Connected on 21 second
Connected on 11 second
Connected on 4 second
Connected on 17 second
Connected on 1 second
Connected on 5 second
Connected on 0 second
Signal lost
Connected on 6 second
Signal lost
Signal lost
Connected on 11 second
Connected on 0 second
Connected on 14 second
Connected on 6 second
Connected on 7 second
Connected on 9 second
Connected on 15 second
Connected on 4 second
Connected on 17 second
Connected on 25 second
Connected on 17 second
Connected on 13 second
Connected on 15 second
Connected on 13 second
Connected on 13 second
Signal lost
Connected on 1 second
Connected on 7 second
Connected on 13 second
Connected on 22 second
Connected on 14 second
Connected on 14 second
Connected on 11 second
Connected on 23 second
Connected on 12 second
Connected on 15 second
Connected on 11 second
Connected on 19 second
Signal lost
Connected on 12 second
Signal lost
Connected on 12 second
Signal lost
Connected on 1 second
Connected on 6 second
Connected on 12 second
Connected on 12 second
Connected on 24 second
Connected on 29 second
Connected on 18 second
Connected on 22 second
Connected on 4 second
Connected on 23 second
Connected on 20 second
Connected on 17 second
Connected on 14 second
Connected on 10 second
Signal lost
Connected on 6 second
Connected on 12 second
Connected on 22 second
Connected on 20 second
Connected on 12 second
Connected on 8 second
Connected on 23 second
Connected on 12 second
Connected on 21 second
Connected on 11 second
Connected on 8 second
Connected on 9 second
Connected on 9 second
Connected on 15 second
Connected on 2 second
Connected on 4 second
Connected on 17 second
Connected on 23 second
Connected on 14 second
Signal lost
Connected on 15 second
Connected on 16 second
Connected on 26 second
Connected on 11 second
Signal lost
Connected on 13 second
Connected on 13 second
Connected on 12 second
Signal lost
Connected on 7 second
Connected on 19 second
Connected on 14 second
Connected on 18 second
Connected on 11 second
Connected on 8 second
Connected on 16 second
Connected on 8 second
Connected on 12 second
Connected on 10 second
Connected on 11 second
Connected on 20 second
Connected on 20 second
Connected on 26 second
Connected on 15 second
Connected on 17 second
Connected on 12 second
Connected on 14 second
Connected on 11 second
Connected on 16 second
Connected on 5 second
Connected on 15 second
Connected on 20 second
Connected on 10 second
Connected on 3 second
Connected on 25 second
Connected on 12 second
Connected on 10 second
Signal lost
Connected on 9 second
Connected on 10 second
Connected on 5 second
Signal lost
Connected on 20 second
Connected on 18 second
Connected on 21 second
Connected on 7 second
Connected on 13 second
Connected on 15 second
Connected on 13 second
Connected on 9 second
Signal lost
Signal lost
Connected on 13 second
Connected on 21 second
Connected on 9 second
Connected on 16 second
Connected on 6 second
Connected on 9 second
Connected on 16 second
Connected on 22 second
Connected on 9 second
Connected on 14 second
Signal lost
Connected on 10 second
Connected on 15 second
Connected on 7 second
Connected on 12 second
Connected on 11 second
Connected on 25 second
Connected on 18 second
Connected on 5 second
Connected on 16 second
Connected on 19 second
Connected on 5 second
Connected on 8 second
Connected on 13 second
Connected on 16 second
Connected on 13 second
Connected on 25 second
Connected on 12 second
Connected on 29 second
Connected on 22 second
Connected on 8 second
Signal lost
Connected on 24 second
Connected on 17 second
Connected on 9 second
Signal lost
Signal lost
Connected on 25 second
Connected on 7 second
Connected on 18 second
Connected on 17 second
Connected on 15 second
Connected on 14 second
Connected on 23 second
Connected on 18 second
Connected on 10 second
Connected on 19 second
Connected on 14 second
Connected on 2 second
Connected on 7 second
Signal lost
Connected on 14 second
Connected on 3 second
Connected on 7 second
Connected on 21 second
Connected on 9 second
Connected on 13 second
Connected on 5 second
Connected on 19 second
Connected on 17 second
Signal lost
Connected on 17 second
Signal lost
Connected on 14 second
Connected on 25 second
Connected on 8 second
Connected on 13 second
Connected on 22 second
Connected on 2 second
Connected on 11 second
Connected on 24 second
Connected on 19 second
Connected on 20 second
Connected on 4 second
Connected on 6 second
Connected on 13 second
Connected on 15 second
Connected on 12 second
Connected on 27 second
Connected on 14 second
Connected on 8 second
Connected on 2 second
Connected on 16 second
Connected on 17 second
Connected on 13 second
Connected on 13 second
Connected on 2 second
Connected on 17 second
Connected on 10 second
Signal lost
Connected on 22 second
Connected on 9 second
Connected on 10 second
Connected on 13 second
Connected on 11 second
Connected on 11 second
Connected on 10 second
Connected on 14 second
Connected on 17 second
Connected on 5 second
Connected on 9 second
Connected on 21 second
Signal lost
Signal lost
Connected on 5 second
Connected on 13 second
Connected on 7 second
Connected on 15 second
Connected on 19 second
Connected on 9 second
Connected on 23 second
Connected on 11 second
Connected on 4 second
Connected on 23 second
Connected on 10 second
Connected on 24 second
Connected on 16 second
Connected on 19 second
Connected on 19 second
Connected on 16 second
Connected on 23 second
Connected on 10 second
Connected on 24 second
Connected on 23 second
Connected on 16 second
Connected on 23 second
Signal lost
Connected on 11 second
Connected on 15 second
Connected on 20 second
Connected on 9 second
Connected on 2 second
Connected on 11 second
Connected on 1 second
Connected on 24 second
Connected on 17 second
Connected on 12 second
Connected on 15 second
Connected on 15 second
Connected on 4 second
Connected on 12 second
Connected on 14 second
Connected on 21 second
Connected on 7 second
Connected on 15 second
Connected on 10 second
Signal lost
Connected on 17 second
Signal lost
Connected on 10 second
Connected on 0 second
Connected on 14 second
Connected on 19 second
Connected on 18 second
Connected on 17 second
Connected on 14 second
Connected on 9 second
Connected on 19 second
Connected on 5 second
Connected on 23 second
Connected on 11 second
Connected on 18 second
Connected on 19 second
Connected on 14 second
Connected on 17 second
Signal lost
Connected on 7 second
Connected on 14 second
Connected on 6 second
Connected on 6 second
Signal lost
Connected on 13 second
Connected on 19 second
Connected on 1 second
Connected on 7 second
Connected on 12 second
Connected on 11 second
Signal lost
Connected on 7 second
Connected on 11 second
Connected on 20 second
Connected on 9 second
Connected on 11 second
Connected on 13 second
Connected on 4 second
Connected on 12 second
Connected on 19 second
Connected on 27 second
Connected on 12 second
Connected on 12 second
Connected on 6 second
Connected on 23 second
Connected on 22 second
Connected on 18 second
Connected on 19 second
Connected on 6 second
Connected on 8 second
Connected on 24 second
Connected on 16 second
Connected on 18 second
Connected on 13 second
Signal lost
Connected on 23 second
Connected on 14 second
Connected on 14 second
Connected on 7 second
Connected on 15 second
Signal lost
Connected on 11 second
Connected on 20 second
Connected on 11 second
Connected on 14 second
Connected on 11 second
Connected on 22 second
Connected on 23 second
Signal lost
Connected on 9 second
Connected on 11 second
Connected on 18 second
Connected on 22 second
Connected on 10 second
Connected on 8 second
Connected on 20 second
Connected on 17 second
Connected on 9 second
Connected on 30 second
Connected on 21 second
Connected on 18 second
Connected on 14 second
Connected on 13 second
Connected on 21 second
Connected on 8 second
Connected on 14 second
Connected on 15 second
Connected on 11 second
Connected on 4 second
Connected on 11 second
Connected on 12 second
Signal lost
Connected on 20 second
Connected on 16 second
Connected on 18 second
Connected on 20 second
Connected on 11 second
Connected on 17 second
Connected on 11 second
Connected on 9 second
Connected on 20 second
Connected on 12 second
Connected on 20 second
Connected on 11 second
Connected on 14 second
Connected on 14 second
Signal lost
Connected on 26 second
Connected on 11 second
Connected on 12 second
Connected on 13 second
Connected on 18 second
Connected on 19 second
Connected on 24 second
Connected on 13 second
Connected on 14 second
Connected on 18 second
Connected on 10 second
Connected on 17 second
Connected on 9 second
Connected on 19 second
Connected on 11 second
Connected on 13 second
Connected on 13 second
Connected on 6 second
Connected on 8 second
Connected on 20 second
Connected on 19 second
Connected on 25 second
Connected on 6 second
Connected on 17 second
Signal lost
Connected on 19 second
Connected on 12 second
Signal lost
Connected on 9 second
Connected on 11 second
Connected on 14 second
Connected on 9 second
Connected on 8 second
Connected on 12 second
Connected on 29 second
Connected on 19 second
Connected on 10 second
Connected on 18 second
Connected on 14 second
Connected on 20 second
Signal lost
Signal lost
Connected on 7 second
Connected on 30 second
Connected on 26 second
Connected on 16 second
Connected on 11 second
Connected on 12 second
Connected on 17 second
Connected on 14 second
Connected on 13 second
Connected on 18 second
Connected on 24 second
Connected on 16 second
Connected on 3 second
Connected on 11 second
Connected on 16 second
Connected on 10 second
Connected on 6 second
Connected on 19 second
Connected on 18 second
Connected on 19 second
Connected on 16 second
Connected on 10 second
Connected on 15 second
Connected on 14 second
Connected on 22 second
Connected on 10 second
Connected on 10 second
Connected on 18 second
Connected on 16 second
Connected on 27 second
Connected on 20 second
Connected on 10 second
Connected on 7 second
Connected on 17 second
Connected on 20 second
Signal lost
Connected on 11 second
Connected on 10 second
Connected on 13 second
Connected on 8 second
Connected on 12 second
Connected on 5 second
Signal lost
Connected on 17 second
Connected on 10 second
Connected on 18 second
Connected on 20 second
Connected on 19 second
Connected on 14 second
Connected on 10 second
Connected on 13 second
Signal lost
Connected on 14 second
Connected on 15 second
Connected on 14 second
Connected on 10 second
Connected on 10 second
Connected on 10 second
Connected on 8 second
Connected on 9 second
Connected on 5 second
Connected on 20 second
Connected on 15 second
Connected on 14 second
Connected on 15 second
Connected on 7 second
Connected on 15 second
Connected on 10 second
Connected on 19 second
Connected on 26 second
Connected on 15 second
Connected on 4 second
Connected on 16 second
Connected on 10 second
Connected on 15 second
Connected on 0 second
Connected on 22 second
Connected on 13 second
Connected on 16 second
Connected on 23 second
Connected on 6 second
Connected on 19 second
Connected on 10 second
Connected on 15 second
Connected on 6 second
Connected on 10 second
Connected on 27 second
Connected on 6 second
Connected on 19 second
Connected on 14 second
Connected on 14 second
Connected on 23 second
Signal lost
Connected on 8 second
Connected on 22 second
Connected on 15 second
Connected on 16 second
Connected on 10 second
Connected on 14 second
Connected on 30 second
Connected on 23 second
Connected on 18 second
Connected on 12 second
Connected on 11 second
Connected on 17 second
Connected on 14 second
Connected on 23 second
Connected on 13 second
Signal lost
Connected on 11 second
Connected on 26 second
Signal lost
Connected on 9 second
Connected on 12 second
Connected on 22 second
Connected on 23 second
Connected on 5 second
Connected on 24 second
Connected on 12 second
Connected on 20 second
Connected on 12 second
Signal lost
Connected on 12 second
Connected on 8 second
Connected on 25 second
Connected on 12 second
Signal lost
Connected on 9 second
Signal lost
Connected on 16 second
Connected on 29 second
Connected on 6 second
Connected on 7 second
Connected on 5 second
Signal lost
Connected on 7 second
Connected on 14 second
Connected on 13 second
Connected on 25 second
Connected on 10 second
Connected on 11 second
Connected on 4 second
Connected on 18 second
Connected on 2 second
Connected on 11 second
Connected on 12 second
Connected on 18 second
Connected on 12 second
Connected on 12 second
Connected on 16 second
Connected on 11 second
Connected on 17 second
Connected on 17 second
Connected on 4 second
Connected on 18 second
Connected on 20 second
Connected on 24 second
Connected on 23 second
Connected on 20 second
Connected on 13 second
Connected on 8 second
Connected on 19 second
Signal lost
Connected on 12 second
Connected on 4 second
Connected on 28 second
Connected on 17 second
Connected on 11 second
Connected on 21 second
Connected on 10 second
Connected on 13 second
Connected on 23 second
Connected on 7 second
Connected on 15 second
Connected on 7 second
Connected on 10 second
Connected on 20 second
Connected on 8 second
Connected on 4 second
Connected on 16 second
Connected on 14 second
Signal lost
Connected on 15 second
Connected on 2 second
Connected on 12 second
Connected on 20 second
Connected on 7 second
Connected on 15 second
Connected on 14 second
Connected on 6 second
Connected on 8 second
Connected on 8 second
Signal lost
Signal lost
Connected on 21 second
Connected on 28 second
Connected on 9 second
Connected on 1 second
Connected on 14 second
Connected on 17 second
Connected on 10 second
Connected on 26 second
Connected on 6 second
Connected on 15 second
Connected on 13 second
Connected on 22 second
Connected on 18 second
Connected on 21 second
Connected on 11 second
Connected on 15 second
Connected on 20 second
Connected on 16 second
Connected on 12 second
Connected on 8 second
Connected on 19 second
Connected on 26 second
Connected on 9 second
Connected on 15 second
Connected on 16 second
Connected on 21 second
Connected on 21 second
Connected on 20 second
Connected on 14 second
Connected on 18 second
Connected on 10 second
Connected on 4 second
Connected on 14 second
Connected on 15 second
Connected on 8 second
Connected on 18 second
Connected on 22 second
Connected on 10 second
Connected on 19 second
Connected on 19 second
Connected on 6 second
Signal lost
Connected on 10 second
Connected on 18 second
Connected on 17 second
Connected on 21 second
Connected on 12 second
Connected on 11 second
Connected on 32 second
Connected on 15 second
Connected on 11 second
Connected on 5 second
Connected on 12 second
Connected on 11 second
Connected on 13 second
Connected on 14 second
Connected on 14 second
Connected on 15 second
Signal lost
Connected on 20 second
Signal lost
Connected on 23 second
Connected on 17 second
Connected on 8 second
Connected on 9 second
Connected on 12 second
Connected on 13 second
Connected on 13 second
Connected on 30 second
Connected on 7 second
Connected on 12 second
Connected on 24 second
Connected on 9 second
Connected on 12 second
Connected on 7 second
Connected on 5 second
Connected on 14 second
Connected on 24 second
Connected on 17 second
Connected on 7 second
Connected on 24 second
Connected on 11 second
Connected on 3 second
Connected on 15 second
Connected on 23 second
Signal lost
Connected on 17 second
Connected on 4 second
Connected on 5 second
Connected on 7 second
Connected on 14 second
Connected on 28 second
Connected on 24 second
Connected on 13 second
Connected on 11 second
Signal lost
Connected on 15 second
Connected on 11 second
Signal lost
Connected on 12 second
Connected on 9 second
Connected on 15 second
Connected on 11 second
Connected on 18 second
Connected on 7 second
Connected on 6 second
Connected on 9 second
Connected on 14 second
Connected on 7 second
Signal lost
Connected on 15 second
Connected on 19 second
Connected on 17 second
Connected on 10 second
Connected on 12 second
Signal lost
Connected on 9 second
Connected on 11 second
Connected on 23 second
Connected on 16 second
Connected on 26 second
Signal lost
Connected on 16 second
Connected on 7 second
Connected on 12 second
Connected on 11 second
Connected on 19 second
Signal lost
Connected on 20 second
Connected on 23 second
Connected on 8 second
Connected on 10 second
Connected on 12 second
Connected on 8 second
Connected on 13 second
Connected on 10 second
Connected on 14 second
Connected on 17 second
Connected on 16 second
Connected on 29 second
Connected on 18 second
Connected on 13 second
Connected on 16 second
Connected on 8 second
Connected on 16 second
Connected on 15 second
Connected on 2 second
Connected on 8 second
Connected on 6 second
Connected on 22 second
Connected on 19 second
Connected on 25 second
Connected on 21 second
Connected on 26 second
Signal lost
Connected on 12 second
Connected on 11 second
Signal lost
Connected on 22 second
Connected on 17 second
Connected on 0 second
Connected on 21 second
Signal lost
Connected on 18 second
Connected on 14 second
Connected on 13 second
Connected on 15 second
Connected on 19 second
Connected on 16 second
Connected on 16 second
Signal lost
Connected on 7 second
Connected on 23 second
Connected on 11 second
Connected on 9 second
Connected on 14 second
Connected on 7 second
Signal lost
Connected on 14 second
Connected on 17 second
Connected on 16 second
Connected on 17 second
Connected on 15 second
Connected on 10 second
Connected on 12 second
Connected on 20 second
Connected on 18 second
Connected on 10 second
Connected on 25 second
Connected on 14 second
Connected on 14 second
Connected on 21 second
Connected on 21 second
Signal lost
Connected on 18 second
Connected on 6 second
Connected on 14 second
Connected on 23 second
Connected on 16 second
Connected on 19 second
Signal lost
Connected on 10 second
Connected on 16 second
Connected on 18 second
Connected on 7 second
Connected on 6 second
Connected on 10 second
Connected on 21 second
Connected on 12 second
Connected on 15 second
Signal lost
Connected on 17 second
Connected on 8 second
Connected on 10 second
Connected on 24 second
Connected on 19 second
Connected on 18 second
Connected on 21 second
Connected on 9 second
Connected on 7 second
Connected on 22 second
Connected on 12 second
Connected on 30 second
Signal lost
Connected on 8 second
Connected on 10 second
Connected on 21 second
Connected on 17 second
Connected on 10 second
Connected on 13 second
Connected on 8 second
Connected on 22 second
Connected on 22 second
Connected on 17 second
Connected on 8 second
Connected on 19 second
Connected on 4 second
Connected on 28 second
Connected on 28 second
Connected on 21 second
Connected on 15 second
Connected on 8 second
Connected on 7 second
Connected on 4 second
Connected on 21 second
Connected on 14 second
Connected on 7 second
Connected on 11 second
Connected on 12 second
Connected on 23 second
Connected on 22 second
Connected on 11 second
Connected on 10 second
Connected on 23 second
Signal lost
Connected on 15 second
Connected on 20 second
Connected on 9 second
Connected on 25 second
Connected on 8 second
Connected on 15 second
Connected on 14 second
Connected on 3 second
Connected on 3 second
Connected on 19 second
Connected on 7 second
Connected on 11 second
Connected on 9 second
Connected on 13 second
Connected on 8 second
Connected on 19 second
Connected on 13 second
Connected on 25 second
Connected on 11 second
Connected on 14 second
Connected on 5 second
Connected on 8 second
Connected on 16 second
Connected on 23 second
Signal lost
Connected on 17 second
Signal lost
Connected on 19 second
Connected on 8 second
Connected on 10 second
Connected on 20 second
Connected on 16 second
Connected on 27 second
Connected on 22 second
Connected on 25 second
Connected on 23 second
Connected on 10 second
Connected on 18 second
Connected on 22 second
Connected on 14 second
Connected on 0 second
Connected on 18 second
Connected on 6 second
Connected on 13 second
Connected on 11 second
Signal lost
Connected on 5 second
Connected on 16 second
Connected on 23 second
Connected on 17 second
Signal lost
Connected on 8 second
Connected on 9 second
Connected on 11 second
Connected on 15 second
Connected on 20 second
Connected on 18 second
Connected on 25 second
Connected on 14 second
Connected on 9 second
Connected on 17 second
Connected on 12 second
Signal lost
Connected on 14 second
Connected on 10 second
Connected on 13 second
Connected on 9 second
Connected on 22 second
Signal lost
Connected on 14 second
Connected on 14 second
Connected on 20 second
Connected on 7 second
Connected on 8 second
Connected on 9 second
Signal lost
Connected on 14 second
Signal lost
Connected on 11 second
Connected on 30 second
Connected on 27 second
Connected on 25 second
Connected on 5 second
Connected on 31 second
Connected on 27 second
Connected on 19 second
Connected on 9 second
Connected on 18 second
Connected on 4 second
Connected on 13 second
Connected on 18 second
Connected on 19 second
Connected on 4 second
Signal lost
Signal lost
Connected on 18 second
Connected on 19 second
Connected on 20 second
Connected on 12 second
Signal lost
Connected on 15 second
Connected on 10 second
Connected on 18 second
Connected on 21 second
Connected on 13 second
Connected on 8 second
Connected on 16 second
Connected on 19 second
Connected on 11 second
Connected on 24 second
Connected on 21 second
Connected on 19 second
Connected on 14 second
Connected on 12 second
Connected on 7 second
Connected on 12 second
Connected on 12 second
