Signal lost
Connected on 75 second
Connected on 122 second
Signal lost
Connected on 99 second
Connected on 73 second
Connected on 37 second
Connected on 181 second
Signal lost
Connected on 42 second
Connected on 197 second
Connected on 163 second
Connected on 0 second
Connected on 120 second
Connected on 168 second
Signal lost
Signal lost
Connected on 199 second
Connected on 188 second
Connected on 14 second
Connected on 68 second
Connected on 107 second
Signal lost
